exports[`test should render correctly 1`] = `
<Text
  accessible={true}
  allowFontScaling={true}
  ellipsizeMode="tail"
  style={
    Array [
      Object {
        "color": "#bdc1cc",
        "fontSize": 17,
        "fontStyle": "normal",
        "fontWeight": "500",
        "paddingVertical": 10,
        "textAlign": "left",
      },
      undefined,
    ]
  }>
  Text
</Text>
`;
