exports[`test should render correctly 1`] = `
<Image
  source={
    Object {
      "uri": "https://www.gravatar.com/avatar/b642b4217b34b1e8d3bd915fc65c4452?d=retro&r=g&s=100",
    }
  }
  style={
    Array [
      Object {
        "height": 50,
        "width": 50,
      },
      Object {},
      undefined,
    ]
  } />
`;
